// Jest Snapshot v1, https://goo.gl/fbAQLP

exports[`pipeline without aws credentials 1`] = `
"# AUTOMATICALLY GENERATED FILE, DO NOT EDIT MANUALLY.
# Generated by AWS CDK and [cdk-pipelines-github](https://github.com/cdklabs/cdk-pipelines-github)

name: deploy
on:
  push:
    branches:
      - main
  workflow_dispatch: {}
jobs:
  Build-Build:
    name: Synthesize
    permissions:
      contents: read
      id-token: none
    runs-on: ubuntu-latest
    needs: []
    env: {}
    steps:
      - name: Checkout
        uses: actions/checkout@v3
      - name: Install
        run: yarn
      - name: Build
        run: yarn build
      - name: Package cdk.out
        run: tar -zcf cdk.out.tgz runner-provided.out
      - name: Upload cdk.out
        uses: actions/upload-artifact@v3
        with:
          name: cdk.out
          path: cdk.out.tgz
          retention-days: 1
          if-no-files-found: error
  MyStack-MyStack-Deploy:
    name: Deploy MyStack/MyStack
    permissions:
      contents: read
      id-token: none
    needs:
      - Build-Build
    runs-on: ubuntu-latest
    steps:
      - name: Download cdk.out
        uses: actions/download-artifact@v3
        with:
          name: cdk.out
      - name: Unpackage cdk.out
        run: tar -zxf cdk.out.tgz
      - id: Deploy
        run: npx cdk --app runner-provided.out deploy MyStack/MyStack
"
`;
